// Jest Snapshot v1, https://goo.gl/fbAQLP

exports[`SignDApp should render 1`] = `
<div>
  <form
    class="container"
  >
    <h1
      class="heading"
    >
      Transaction
    </h1>
    <div
      class="avatar"
    >
      Identicon
    </div>
    <h2
      class="identity"
    >
      Light DID Identity
    </h2>
    <p
      class="addressLine"
    >
      <input
        aria-label="Light DID Identity"
        class="input"
        readonly=""
        value="4tDjyLy2gESkLzvaLnpbn7N61VgnwAhqnTHsPPFAwaZjGwP1"
      />
      <button
        aria-label="copy to clipboard"
        class="copy"
        title="copy to clipboard"
        type="button"
      />
    </p>
    <dl
      class="details"
    >
      <dt
        class="detailName"
      >
        from
        :
      </dt>
      <dd
        class="detailValue"
        title="extremely-long-domain-name-tries-to-overflow-all-available-space-and-just-keeps-going-and-going-and-going.com"
      >
        extremely-long-domain-name-tries-to-overflow-all-available-space-and-just-keeps-going-and-going-and-going.com
      </dd>
      <dt
        class="detailName"
      >
        version
        :
      </dt>
      <dd
        class="detailValue"
        title="1"
      >
        1
      </dd>
      <dt
        class="detailName"
      >
        nonce
        :
      </dt>
      <dd
        class="detailValue"
        title="1"
      >
        1
      </dd>
      <dt
        class="detailName"
      >
        method data
        :
      </dt>
      <dd
        class="detailValue"
        title="namespace.method(input = "some meaningful values you would definitely like to see")"
      >
        namespace.method(input = "some meaningful values you would definitely like to see")
      </dd>
      <dt
        class="detailName"
      >
        lifetime
        :
      </dt>
      <dd
        class="detailValue"
        title="mortal, valid from 1 to 1,000,000"
      >
        mortal, valid from 1 to 1,000,000
      </dd>
    </dl>
    <p
      class="resetLine"
    >
      <label
        class="passwordLabel"
        for="password"
      >
        Sign with password:
      </label>
    </p>
    <p
      class="passwordLine"
    >
      <input
        class="password"
        id="password"
        name="password"
        type="password"
        value=""
      />
      <button
        aria-label="Show"
        class="show"
        title="Show"
        type="button"
      />
      <output
        class="errorTooltip"
        hidden=""
      />
    </p>
    <label
      class="rememberLabel"
    >
      <span>
        Remember password for the next 15 minutes
      </span>
      <input
        class="remember"
        name="remember"
        type="checkbox"
      />
      <span />
    </label>
    <p
      class="buttonsLine"
    >
      <button
        class="reject"
        type="button"
      >
        Reject
      </button>
      <button
        class="submit"
        type="submit"
      >
        Sign the Transaction
      </button>
    </p>
  </form>
</div>
`;
