// Jest Snapshot v1, https://goo.gl/fbAQLP

exports[`AccountCredentials should render 1`] = `
<div>
  <section
    class="container"
  >
    <h1
      class="heading"
    >
      Your Credentials
    </h1>
    <p
      class="subline"
    >
      Overview
    </p>
    <section>
      <div
        class="MacFarlane tartan"
      >
        Identicon
      </div>
      <div
        class="name"
      >
        <span>
          My Sporran Account
        </span>
        <div
          class="wrapper"
        >
          <button
            aria-expanded="false"
            aria-haspopup="true"
            aria-label="Account options"
            class="toggle"
            role="button"
            tabindex="0"
            title="Account options"
            type="button"
          />
        </div>
      </div>
    </section>
    <table
      class="credentials"
    >
      <thead>
        <tr
          class="tr"
        >
          <th
            class="th"
          >
            Name
          </th>
          <th
            class="th"
          >
            C-Type
          </th>
          <th
            class="th"
          >
            Attester
          </th>
          <th
            class="th"
          >
            Valid
          </th>
        </tr>
      </thead>
      <tbody>
        <tr
          class="tr"
        >
          <td
            class="td"
          >
            Email
          </td>
          <td
            class="td"
          >
            BL-Mail-Simple
          </td>
          <td
            class="td"
          >
            socialKYC
          </td>
          <td
            aria-label="Valid"
            class="valid"
          />
        </tr>
      </tbody>
    </table>
    <p>
      <a
        class="close"
        href="/"
      >
        Close
      </a>
    </p>
    <button
      aria-label="Back"
      class="linkBack"
      title="Back"
      type="button"
    />
  </section>
</div>
`;
