// Jest Snapshot v1, https://goo.gl/fbAQLP

exports[`Welcome should render 1`] = `
<div>
  <div
    class="container"
  >
    <div
      class="logo"
    >
      <h3>
        [Insert logo here]
      </h3>
    </div>
    <h1>
      Welcome to your Sporran
    </h1>
    <h3
      class="info"
    >
      You currently don't have any accounts.
    </h3>
    <h3
      class="info"
    >
      Create your first account to get started.
    </h3>
    <a
      class="buttonContainer"
      href="/account/create"
    >
      Create Account
    </a>
    <a
      href="/account/restore"
    >
      Import an Account from pre-existing phrase
    </a>
  </div>
</div>
`;
