// Jest Snapshot v1, https://goo.gl/fbAQLP

exports[`AccountSlide should render 1`] = `
<div>
  <section>
    <h2
      style="display: inline;"
    >
      My Sporran Account
    </h2>
    <div
      class="wrapper"
    >
      <button
        aria-expanded="false"
        aria-haspopup="true"
        aria-label="Account options"
        class="toggle"
        role="button"
        tabindex="0"
        title="Account options"
        type="button"
      />
    </div>
  </section>
</div>
`;

exports[`AccountSlideNew should render 1`] = `
<div>
  <section>
    <a
      href="/account/create"
    >
      <h2>
        Create new account
      </h2>
    </a>
    <p>
      or
    </p>
    <a
      href="/account/import"
    >
      Import an account from pre-existing phrase
    </a>
  </section>
</div>
`;
