// Jest Snapshot v1, https://goo.gl/fbAQLP

exports[`AccountSlide should render 1`] = `
<div>
  <section>
    <h2
      style="display: inline;"
    >
      My Sporran Account
    </h2>
    <nav
      class="container"
    >
      <button
        aria-expanded="false"
        aria-haspopup="true"
        aria-label="open account options menu"
        class="button"
        role="button"
        tabindex="0"
        type="button"
      >
        v
      </button>
      <div
        class="menu hidden"
        role="menu"
      >
        <h4
          class="menuTitle"
        >
          Account
        </h4>
        <ul
          class="list"
        >
          <li
            class="listItem"
          >
            <a
              role="menuitem"
              tabindex="-1"
            >
              Edit account name
            </a>
          </li>
          <li
            class="listItem"
          >
            <a
              role="menuitem"
              tabindex="-1"
            >
              Forget account
            </a>
          </li>
          <li
            class="listItem"
          >
            <a
              role="menuitem"
              tabindex="-1"
            >
              Reset password
            </a>
          </li>
        </ul>
      </div>
    </nav>
  </section>
</div>
`;

exports[`AccountSlideNew should render 1`] = `
<div>
  <section>
    <a
      href="/account/create"
    >
      <h2>
        Create new account
      </h2>
    </a>
    <p>
      or
    </p>
    <a
      href="/account/import"
    >
      Import an account from pre-existing phrase
    </a>
  </section>
</div>
`;
