// Jest Snapshot v1, https://goo.gl/fbAQLP

exports[`Scroller should render 1`] = `
<div>
  <div
    class="row"
  >
    <div
      class="col-lg-12"
    >
      <button
        class="btn btn-block btn-outline-dark"
      >
        Scroll To Top
      </button>
      <button
        class="btn btn-block btn-outline-dark"
      >
        Scroll To Bottom
      </button>
    </div>
  </div>
</div>
`;
