// Jest Snapshot v1, https://goo.gl/fbAQLP

exports[`UpcomingFeatureModal should render 1`] = `
<div>
  <dialog
    class="container"
  >
    <p
      class="info"
    >
      It is not yet possible to transfer KILT Coins via the KILT blockchain. Please visit 
      <a
        href="https://sporran.org/"
        rel="noreferrer"
        target="_blank"
      >
        sporran.org
      </a>
       to check whether this functionality is live, then ensure your extension is up-to-date.
    </p>
    <button
      class="close"
      type="button"
    >
      Close
    </button>
  </dialog>
</div>
`;
