// Jest Snapshot v1, https://goo.gl/fbAQLP

exports[`Balance should render 1`] = `
<div>
  <p
    class="balanceLine"
  >
    Total Balance: 
    <span
      class="amount"
    >
      1.2340
       
      <span
        aria-label="Kilt coin"
        class="coin"
      />
    </span>
  </p>
</div>
`;
