// Jest Snapshot v1, https://goo.gl/fbAQLP

exports[`BalanceUpdateLink should render 1`] = `
<div>
  <a
    aria-disabled="true"
    aria-label="Identity has no unlocked funds for update"
    class="update"
    href="/identity/4tDjyLy2gESkLzvaLnpbn7N61VgnwAhqnTHsPPFAwaZjGwP1/vest"
    title="Identity has no unlocked funds for update"
  >
    Update Balance
  </a>
</div>
`;
