// Jest Snapshot v1, https://goo.gl/fbAQLP

exports[`W3NCreateChoose should match the snapshot 1`] = `
<div>
  <section
    class="container"
  >
    <h1
      class="heading"
    >
      Create web3name
    </h1>
    <p
      class="subline"
    >
      Select your payment method
    </p>
    <section
      class="container"
    >
      <div
        class="avatar"
      >
        Identicon
      </div>
      <div
        class="centeredNameLine"
      >
        <span
          class="name"
        >
          Identity with on-chain DID and lots of coins
        </span>
      </div>
    </section>
    <p
      class="didLine"
    >
      <input
        aria-label="DID"
        class="long"
        readonly=""
        value="did:kilt:4oeJ76hdj84xnwCNqijUHUCTmfwXgSZ4vmxLEiTEYgQdBCcZ"
      />
      <button
        aria-label="copy to clipboard"
        class="copy"
        title="copy to clipboard"
        type="button"
      />
    </p>
    <p
      class="web3Name"
    >
      w3n:
      mr_pink
    </p>
    <p
      class="info"
    >
      Claim a web3name to represent your DID.
Fees for creating your web3name may be paid in KILT Coins or via PayPal.
    </p>
    <section
      class="paymentMethods"
    >
      <p
        class="paymentMethod"
      >
        <label
          class="kilt"
        >
          <input
            checked=""
            class="select"
            name="payment"
            type="radio"
            value="kilt"
          />
          Pay with KILT 1.0000 (deposit + fee)
        </label>
        <output
          class="errorTooltip"
          hidden=""
        >
          You need at least 1.0000 KILTs (deposit + fee)
        </output>
      </p>
      <p
        class="paymentMethod"
      >
        <label
          class="insufficientKilt"
        >
          <input
            class="select"
            disabled=""
            name="payment"
            type="radio"
            value="euro"
          />
          Use Checkout Service and pay with PayPal EUR 5.00 (service fee, including VAT) or EUR equivalent, depending on your preferred PayPal currency
        </label>
      </p>
    </section>
    <p
      class="buttonsLine"
    >
      <button
        class="back"
        type="button"
      >
        Back
      </button>
      <a
        aria-disabled="false"
        class="upgrade"
        href="/identity/4pNXuxPWhMxhRctgB4qd3MkRt2Sxp7Y7sxrApVCVXCEcdQMo/web3name/create/kilt/mr_pink"
      >
        Continue
      </a>
    </p>
    <button
      aria-label="Back"
      class="linkBack"
      title="Back"
      type="button"
    />
    <p
      class="stats"
    >
      You have 3 Identities with a
      <span
        class="balance"
      >
         Total Balance: 
        <span
          class="amount"
        >
          3.7020
           
          <span
            aria-label="KILT Coin"
            class="coin"
          />
        </span>
      </span>
    </p>
  </section>
</div>
`;
