// Jest Snapshot v1, https://goo.gl/fbAQLP

exports[`SaveBackupPhrase should render 1`] = `
<div>
  <section
    class="container"
  >
    <h1
      class="heading"
    >
      My Backup Phrase
    </h1>
    <p
      class="subheading"
    >
      You have to click or tap an empty field to see one word of the phrase. For the next step, you need your written words in the correct order.
    </p>
    <div
      class="items"
    >
      <div
        class="item"
      >
        <span
          class="counter"
        >
          01.
        </span>
        <span
          class="word"
        >
          one
        </span>
        <span
          class="eye"
        />
      </div>
      <div
        class="item"
      >
        <span
          class="counter"
        >
          02.
        </span>
        <span
          class="word"
        >
          two
        </span>
        <span
          class="eye"
        />
      </div>
      <div
        class="item"
      >
        <span
          class="counter"
        >
          03.
        </span>
        <span
          class="word"
        >
          three
        </span>
        <span
          class="eye"
        />
      </div>
      <div
        class="item"
      >
        <span
          class="counter"
        >
          04.
        </span>
        <span
          class="word"
        >
          four
        </span>
        <span
          class="eye"
        />
      </div>
      <div
        class="item"
      >
        <span
          class="counter"
        >
          05.
        </span>
        <span
          class="word"
        >
          five
        </span>
        <span
          class="eye"
        />
      </div>
      <div
        class="item"
      >
        <span
          class="counter"
        >
          06.
        </span>
        <span
          class="word"
        >
          six
        </span>
        <span
          class="eye"
        />
      </div>
      <div
        class="item"
      >
        <span
          class="counter"
        >
          07.
        </span>
        <span
          class="word"
        >
          seven
        </span>
        <span
          class="eye"
        />
      </div>
      <div
        class="item"
      >
        <span
          class="counter"
        >
          08.
        </span>
        <span
          class="word"
        >
          eight
        </span>
        <span
          class="eye"
        />
      </div>
      <div
        class="item"
      >
        <span
          class="counter"
        >
          09.
        </span>
        <span
          class="word"
        >
          nine
        </span>
        <span
          class="eye"
        />
      </div>
      <div
        class="item"
      >
        <span
          class="counter"
        >
          10.
        </span>
        <span
          class="word"
        >
          ten
        </span>
        <span
          class="eye"
        />
      </div>
      <div
        class="item"
      >
        <span
          class="counter"
        >
          11.
        </span>
        <span
          class="word"
        >
          eleven
        </span>
        <span
          class="eye"
        />
      </div>
      <div
        class="item"
      >
        <span
          class="counter"
        >
          12.
        </span>
        <span
          class="word"
        >
          twelve
        </span>
        <span
          class="eye"
        />
      </div>
    </div>
    <div
      class="buttons"
    >
      <a
        class="cancel"
        href="/"
      >
        Cancel
      </a>
      <a
        class="create"
        href="/account/create/verify"
      >
        Next Step
      </a>
    </div>
    <button
      aria-label="Back"
      class="linkBack"
      title="Back"
      type="button"
    />
  </section>
</div>
`;
