// Jest Snapshot v1, https://goo.gl/fbAQLP

exports[`SaveBackupPhrase should render 1`] = `
<div>
  <section
    class="container"
  >
    <h1
      class="heading"
    >
      My Backup Phrase
    </h1>
    <p
      class="subheading"
    >
      Click or hover over each word and write it down. You need to write the words in the correct order from 1 to 12.
    </p>
    <ol
      class="items"
    >
      <li
        class="item"
      >
        <span
          class="word"
        >
          one
        </span>
      </li>
      <li
        class="item"
      >
        <span
          class="word"
        >
          two
        </span>
      </li>
      <li
        class="item"
      >
        <span
          class="word"
        >
          three
        </span>
      </li>
      <li
        class="item"
      >
        <span
          class="word"
        >
          four
        </span>
      </li>
      <li
        class="item"
      >
        <span
          class="word"
        >
          five
        </span>
      </li>
      <li
        class="item"
      >
        <span
          class="word"
        >
          six
        </span>
      </li>
      <li
        class="item"
      >
        <span
          class="word"
        >
          seven
        </span>
      </li>
      <li
        class="item"
      >
        <span
          class="word"
        >
          eight
        </span>
      </li>
      <li
        class="item"
      >
        <span
          class="word"
        >
          nine
        </span>
      </li>
      <li
        class="item"
      >
        <span
          class="word"
        >
          ten
        </span>
      </li>
      <li
        class="item"
      >
        <span
          class="word"
        >
          eleven
        </span>
      </li>
      <li
        class="item"
      >
        <span
          class="word"
        >
          twelve
        </span>
      </li>
    </ol>
    <div
      class="buttons"
    >
      <a
        class="cancel"
        href="/"
      >
        Cancel
      </a>
      <a
        class="create"
        href="/identity/create/verify"
      >
        Next Step
      </a>
    </div>
    <button
      aria-label="Back"
      class="linkBack"
      title="Back"
      type="button"
    />
  </section>
</div>
`;
