// Jest Snapshot v1, https://goo.gl/fbAQLP

exports[`SaveBackupPhrase should render 1`] = `
<div>
  <section
    class="container"
  >
    <h1>
      Your Backup Phrase
    </h1>
    <p>
      You have to click or tap an empty field to see one word of the phrase. For the next step, you need your written words in the correct order.
    </p>
    <div
      class="items"
    >
      <button
        class="item"
      >
        1
        . 
        <span
          class="word"
        >
          one
        </span>
      </button>
      <button
        class="item"
      >
        2
        . 
        <span
          class="word"
        >
          two
        </span>
      </button>
      <button
        class="item"
      >
        3
        . 
        <span
          class="word"
        >
          three
        </span>
      </button>
      <button
        class="item"
      >
        4
        . 
        <span
          class="word"
        >
          four
        </span>
      </button>
      <button
        class="item"
      >
        5
        . 
        <span
          class="word"
        >
          five
        </span>
      </button>
      <button
        class="item"
      >
        6
        . 
        <span
          class="word"
        >
          six
        </span>
      </button>
      <button
        class="item"
      >
        7
        . 
        <span
          class="word"
        >
          seven
        </span>
      </button>
      <button
        class="item"
      >
        8
        . 
        <span
          class="word"
        >
          eight
        </span>
      </button>
      <button
        class="item"
      >
        9
        . 
        <span
          class="word"
        >
          nine
        </span>
      </button>
      <button
        class="item"
      >
        10
        . 
        <span
          class="word"
        >
          ten
        </span>
      </button>
      <button
        class="item"
      >
        11
        . 
        <span
          class="word"
        >
          eleven
        </span>
      </button>
      <button
        class="item"
      >
        12
        . 
        <span
          class="word"
        >
          twelve
        </span>
      </button>
    </div>
    <p>
      <a
        href="/account/create/verify"
      >
        Next Step
      </a>
    </p>
    <p>
      <a
        href="/account/create"
      >
        Back
      </a>
    </p>
    <p>
      <a
        href="/"
      >
        Cancel
      </a>
    </p>
  </section>
</div>
`;
