// Jest Snapshot v1, https://goo.gl/fbAQLP

exports[`SendToken should render 1`] = `
<div>
  <form
    autocomplete="off"
    class="container"
  >
    <h1
      class="heading"
    >
      Send KILT Coins
    </h1>
    <p
      class="subline"
    >
      Securely send some of your coins
    </p>
    <div
      class="container"
    >
      <section>
        <div
          class="MacFarlane tartan"
        >
          Identicon
        </div>
        <div
          class="name"
        >
          <span>
            My Sporran Account
          </span>
          <div
            class="wrapper"
          >
            <button
              aria-expanded="false"
              aria-haspopup="true"
              aria-label="Account options"
              class="toggle"
              role="button"
              tabindex="0"
              title="Account options"
              type="button"
            />
          </div>
        </div>
      </section>
      <a
        aria-label="Create new account"
        class="left"
        href="/"
        title="Create new account"
      />
      <a
        aria-label="My Second Account"
        class="right"
        href="/"
        title="My Second Account"
      />
      <ul
        class="bubbles"
      >
        <li
          class="item"
        >
          <a
            aria-current="page"
            aria-label="My Sporran Account"
            class="bubble bubbleActive"
            href="/"
            title="My Sporran Account"
          />
        </li>
        <li
          class="item"
        >
          <a
            aria-current="page"
            aria-label="My Second Account"
            class="bubble bubbleActive"
            href="/"
            title="My Second Account"
          />
        </li>
        <li
          class="item"
        >
          <a
            aria-current="page"
            aria-label="My Third Account"
            class="bubble bubbleActive"
            href="/"
            title="My Third Account"
          />
        </li>
        <li
          class="item"
        >
          <a
            aria-current="page"
            aria-label="Create new account"
            class="add addActive"
            href="/"
            title="Create new account"
          />
        </li>
      </ul>
    </div>
    <p
      class="balance"
    >
      Balance: 
      <span
        class="amount"
      >
        1.2340
         
        <span
          aria-label="Kilt coin"
          class="coin"
        />
      </span>
    </p>
    <small
      class="maximum"
    >
      Maximum sendable amount: 
    </small>
    <p
      class="amountLine"
    >
      <input
        aria-label="Amount to send"
        class="amount"
        inputmode="numeric"
        maxlength="15"
        name="amount"
        placeholder="0.0100 – 1.2340"
        required=""
      />
      <button
        class="all"
        type="button"
      >
        All in
      </button>
    </p>
    <p
      class="totalLine"
    >
      <button
        aria-label="Decrease the tip by 1%"
        class="decrease"
        disabled=""
        title="Decrease the tip by 1%"
        type="button"
      />
      <small
        class="total"
      >
        Total fee: 
        0.0000
         K
      </small>
      <button
        aria-label="Increase the tip by 1%"
        class="increase"
        title="Increase the tip by 1%"
        type="button"
      />
    </p>
    <small
      class="tip"
    >
      Tip of $percent$% included in fee
    </small>
    <p
      class="recipientLine"
    >
      <input
        aria-label="Paste the recipient address here"
        class="recipient"
        id="recipient"
        name="recipient"
        placeholder="Paste the recipient address here"
        required=""
      />
      <output
        class="tooltip"
        for="recipient"
        style="position: absolute; left: 0px; top: 0px;"
      >
        
        <span
          class="pointer"
          data-popper-arrow="true"
          style="position: absolute;"
        />
      </output>
    </p>
    <button
      class="submit"
      disabled=""
      type="submit"
    >
      Review & Sign Transaction
    </button>
    <button
      aria-label="Back"
      class="linkBack"
      title="Back"
      type="button"
    />
    <p
      class="stats"
    >
      You have $number$ accounts with a total
      <span
        class="balance"
      >
         Balance: 
        <span
          class="amount"
        >
          3.7020
           
          <span
            aria-label="Kilt coin"
            class="coin"
          />
        </span>
      </span>
    </p>
  </form>
</div>
`;
