// Jest Snapshot v1, https://goo.gl/fbAQLP

exports[`IdentityCredentials should render 1`] = `
<div>
  <section
    class="container"
  >
    <h1
      class="heading"
    >
      Your Credentials
    </h1>
    <p
      class="subline"
    >
      Overview
    </p>
    <section>
      <div
        class="avatar"
      >
        Identicon
      </div>
      <div
        class="nameLine"
      >
        <span
          class="name"
        >
          KILT Identity 1
        </span>
        <div
          class="wrapper"
        >
          <button
            aria-expanded="false"
            aria-haspopup="true"
            aria-label="Identity options"
            class="toggle"
            role="button"
            tabindex="0"
            title="Identity options"
            type="button"
          />
        </div>
      </div>
    </section>
    <table
      class="credentials"
    >
      <thead>
        <tr
          class="tr"
        >
          <th
            class="th"
          >
            Name
          </th>
          <th
            class="th"
          >
            C-Type
          </th>
          <th
            class="th"
          >
            Attester
          </th>
          <th
            class="th"
          >
            Valid
          </th>
        </tr>
      </thead>
      <tbody>
        <tr
          class="tr"
        >
          <td
            class="td"
          >
            Email Credential
          </td>
          <td
            class="td"
          >
            Email
          </td>
          <td
            class="td"
          >
            Trusted Entity attester
          </td>
          <td
            aria-label="Valid"
            class="valid"
          />
        </tr>
        <tr
          class="tr"
        >
          <td
            class="td"
          >
            Alter Ego Email
          </td>
          <td
            class="td"
          >
            Email
          </td>
          <td
            class="td"
          >
            Anonymous
          </td>
          <td
            class="td"
          />
        </tr>
        <tr
          class="tr"
        >
          <td
            class="td"
          >
            Sporran email
          </td>
          <td
            class="td"
          >
            Email
          </td>
          <td
            class="td"
          >
            Social KYC
          </td>
          <td
            aria-label="Valid"
            class="valid"
          />
        </tr>
        <tr
          class="tr"
        >
          <td
            class="td"
          >
            Tweet Twit Twat
          </td>
          <td
            class="td"
          >
            Twitter
          </td>
          <td
            class="td"
          >
            Social KYC
          </td>
          <td
            aria-label="Valid"
            class="valid"
          />
        </tr>
        <tr
          class="tr"
        >
          <td
            class="td"
          >
            Believe me
          </td>
          <td
            class="td"
          >
            Twitter
          </td>
          <td
            class="td"
          >
            Fake news
          </td>
          <td
            class="td"
          />
        </tr>
      </tbody>
    </table>
    <p>
      <a
        class="close"
        href="/"
      >
        Close
      </a>
    </p>
    <button
      aria-label="Back"
      class="linkBack"
      title="Back"
      type="button"
    />
    <p
      class="stats"
    >
      You have 3 Identities with a
      <span
        class="balance"
      >
         Total Balance: 
        <span
          class="amount"
        >
          3.7020
           
          <span
            aria-label="KILT Coin"
            class="coin"
          />
        </span>
      </span>
    </p>
  </section>
</div>
`;
