// Jest Snapshot v1, https://goo.gl/fbAQLP

exports[`IdentityCredentials should render 1`] = `
<div>
  <section
    class="container"
  >
    <h1
      class="heading"
    >
      Your Credentials
    </h1>
    <p
      class="subline"
    >
      View and manage your credentials
    </p>
    <div
      class="container"
    >
      <section>
        <div
          class="avatar"
        >
          Identicon
        </div>
        <div
          class="nameLine"
        >
          <span
            class="name"
          >
            KILT Identity 1
          </span>
          <div
            class="wrapper"
          >
            <button
              aria-expanded="false"
              aria-haspopup="true"
              aria-label="Identity options"
              class="toggle"
              role="button"
              tabindex="0"
              title="Identity options"
              type="button"
            />
          </div>
        </div>
      </section>
      <a
        aria-label="Add Identity"
        class="left"
        href="/"
        title="Add Identity"
      />
      <a
        aria-label="KILT Identity 2"
        class="right"
        href="/"
        title="KILT Identity 2"
      />
      <ul
        class="bubbles"
      >
        <li
          class="item"
        >
          <a
            aria-current="page"
            aria-label="KILT Identity 1"
            class="bubble bubbleActive"
            href="/"
            title="KILT Identity 1"
          />
        </li>
        <li
          class="item"
        >
          <a
            aria-current="page"
            aria-label="KILT Identity 2"
            class="bubble bubbleActive"
            href="/"
            title="KILT Identity 2"
          />
        </li>
        <li
          class="item"
        >
          <a
            aria-current="page"
            aria-label="KILT Identity 3 which has a very long name and might not even fit on the screen"
            class="bubble bubbleActive"
            href="/"
            title="KILT Identity 3 which has a very long name and might not even fit on the screen"
          />
        </li>
        <li
          class="item"
        >
          <a
            aria-current="page"
            aria-label="Add Identity"
            class="add addActive"
            href="/"
            title="Add Identity"
          />
        </li>
      </ul>
    </div>
    <ul
      class="credentials"
    >
      <li
        aria-expanded="false"
        aria-label="Credential"
        class="credential"
      >
        <button
          aria-label="Expand Credential"
          class="expand"
          type="button"
        >
          <dl
            class="details"
          >
            <dt
              class="detailName"
            >
              All your stakes are belong to us
            </dt>
            <dd
              class="detailFirstProp"
            >
              This is a really long name for the first property of claim contents to check how the overflow looks
            </dd>
          </dl>
        </button>
      </li>
      <li
        aria-expanded="false"
        aria-label="Credential"
        class="credential"
      >
        <button
          aria-label="Expand Credential"
          class="expand"
          type="button"
        >
          <dl
            class="details"
          >
            <dt
              class="detailName"
            >
              Dotsama Credential
            </dt>
            <dd
              class="detailFirstProp"
            >
              God collator
            </dd>
          </dl>
        </button>
      </li>
      <li
        aria-expanded="false"
        aria-label="Credential"
        class="credential"
      >
        <button
          aria-label="Expand Credential"
          class="expand"
          type="button"
        >
          <dl
            class="details"
          >
            <dt
              class="detailName"
            >
              Believe me
            </dt>
            <dd
              class="detailFirstProp"
            >
              realDonaldTrump
            </dd>
          </dl>
        </button>
      </li>
      <li
        aria-expanded="false"
        aria-label="Credential"
        class="credential"
      >
        <button
          aria-label="Expand Credential"
          class="expand"
          type="button"
        >
          <dl
            class="details"
          >
            <dt
              class="detailName"
            >
              Tweet Twit Twat
            </dt>
            <dd
              class="detailFirstProp"
            >
              tweety_bird
            </dd>
          </dl>
        </button>
      </li>
      <li
        aria-expanded="false"
        aria-label="Credential"
        class="credential"
      >
        <button
          aria-label="Expand Credential"
          class="expand"
          type="button"
        >
          <dl
            class="details"
          >
            <dt
              class="detailName"
            >
              Mein Credential
            </dt>
            <dd
              class="detailFirstProp"
            >
              maxmustermann@gmx.de
            </dd>
          </dl>
        </button>
      </li>
      <li
        aria-expanded="false"
        aria-label="Credential"
        class="credential"
      >
        <button
          aria-label="Expand Credential"
          class="expand"
          type="button"
        >
          <dl
            class="details"
          >
            <dt
              class="detailName"
            >
              A really long name for my credential which probably will not fit on the screen
            </dt>
            <dd
              class="detailFirstProp"
            >
              loremipsum@gmail.com
            </dd>
          </dl>
        </button>
      </li>
      <li
        aria-expanded="false"
        aria-label="Credential"
        class="credential"
      >
        <button
          aria-label="Expand Credential"
          class="expand"
          type="button"
        >
          <dl
            class="details"
          >
            <dt
              class="detailName"
            >
              Sporran email
            </dt>
            <dd
              class="detailFirstProp"
            >
              sporran@sporran.org
            </dd>
          </dl>
        </button>
      </li>
      <li
        aria-expanded="false"
        aria-label="Credential"
        class="credential"
      >
        <button
          aria-label="Expand Credential"
          class="expand"
          type="button"
        >
          <dl
            class="details"
          >
            <dt
              class="detailName"
            >
              Alter Ego Email
            </dt>
            <dd
              class="detailFirstProp"
            >
              badboy69@hotmail.com
            </dd>
          </dl>
        </button>
      </li>
      <li
        aria-expanded="false"
        aria-label="Credential"
        class="credential"
      >
        <button
          aria-label="Expand Credential"
          class="expand"
          type="button"
        >
          <dl
            class="details"
          >
            <dt
              class="detailName"
            >
              Email Credential
            </dt>
            <dd
              class="detailFirstProp"
            >
              mockEmail@mock.mock
            </dd>
          </dl>
        </button>
      </li>
    </ul>
    <button
      aria-label="Back"
      class="linkBack"
      title="Back"
      type="button"
    />
    <p
      class="stats"
    >
      You have 3 Identities with a
      <span
        class="balance"
      >
         Total Balance: 
        <span
          class="amount"
        >
          3.7020
           
          <span
            aria-label="KILT Coin"
            class="coin"
          />
        </span>
      </span>
    </p>
  </section>
</div>
`;
