// Jest Snapshot v1, https://goo.gl/fbAQLP

exports[`AddAccount should render 1`] = `
<div>
  <nav
    class="container"
  >
    <button
      aria-expanded="false"
      aria-haspopup="true"
      aria-label="Account options"
      class="button"
      role="button"
      tabindex="0"
      title="Account options"
      type="button"
    >
      v
    </button>
  </nav>
</div>
`;
