// Jest Snapshot v1, https://goo.gl/fbAQLP

exports[`UnknownCredential should match the snapshot 1`] = `
<div>
  <section
    class="container"
  >
    <h1
      class="heading"
    >
      Unknown Credential
    </h1>
    <p
      class="text"
    >
      The credential 0xbe7fcc7aa0186b05fd116c100e2d673fb951163693788640ce6032ad2f700dae is not recognized by Sporran.
    </p>
    <p
      class="text"
    >
      This operation is only supported for credentials existing in Sporran.
    </p>
  </section>
</div>
`;
