// Jest Snapshot v1, https://goo.gl/fbAQLP

exports[`RemoveIdentity should render 1`] = `
<div>
  <main
    class="container"
  >
    <h1
      class="heading"
    >
      Attention!
    </h1>
    <p
      class="subline"
    >
      You’re about to remove your Identity
    </p>
    <div
      class="avatar"
    >
      Identicon
    </div>
    <p
      class="name"
    >
      Light DID Identity
    </p>
    <small
      class="addressLabel"
    >
      My Identity address
    </small>
    <p
      class="address"
    >
      4tDjyLy2gESkLzvaLnpbn7N61VgnwAhqnTHsPPFAwaZjGwP1
    </p>
    <p
      class="explanation"
    >
      The next step will remove your Identity from the browser extension. This will not delete your Identity. You can add it again any time by importing your backup phrase.
    </p>
    <p
      class="buttonsLine"
    >
      <a
        class="cancel"
        href="/"
      >
        Cancel
      </a>
      <button
        class="remove"
        type="button"
      >
        Remove this Identity
      </button>
    </p>
    <button
      aria-label="Back"
      class="linkBack"
      title="Back"
      type="button"
    />
  </main>
</div>
`;
