// Jest Snapshot v1, https://goo.gl/fbAQLP

exports[`ShareCredentialSelect should render 1`] = `
<div>
  <form
    class="container"
  >
    <h1
      class="heading"
    >
      Select a Credential
    </h1>
    <p
      class="subline"
    >
      Select a credential to sign and share
    </p>
    <section
      class="allCredentials"
    >
      <section
        class="identityCredentials"
      >
        <section
          class="identityLine"
        >
          <section
            class="identity"
          >
            <div
              class="avatar"
            >
              Identicon
            </div>
            <p
              class="name"
            >
              Light DID Identity
            </p>
          </section>
        </section>
        <ul
          class="list"
        >
          <li
            aria-expanded="false"
            class="selectable"
          >
            <input
              class="selectOne"
              id="0xbe7fcc7aa0186b05fd116c100e2d673fb951163693788640ce6032ad2f700dae"
              name="credential"
              type="radio"
            />
            <label
              class="expand"
              for="0xbe7fcc7aa0186b05fd116c100e2d673fb951163693788640ce6032ad2f700dae"
            >
              <section
                class="collapsedShareCredential"
              >
                <h4
                  class="collapsedName"
                >
                  Email Credential
                </h4>
                <p
                  class="collapsedValue"
                >
                  Trusted Entity attester
                </p>
              </section>
            </label>
          </li>
          <li
            aria-expanded="false"
            class="selectable"
          >
            <input
              class="selectOne notUsable"
              id="0xbe7fcc7aa0186b05fd116c100e2d673fb951163693788640ce6032ad2f700daf"
              name="credential"
              type="radio"
            />
            <label
              class="expand"
              for="0xbe7fcc7aa0186b05fd116c100e2d673fb951163693788640ce6032ad2f700daf"
            >
              <section
                class="collapsedShareCredential notUsable"
              >
                <h4
                  class="collapsedName"
                >
                  Alter Ego Email
                </h4>
                <p
                  class="collapsedValue"
                >
                  Anonymous
                </p>
              </section>
            </label>
          </li>
          <li
            aria-expanded="false"
            class="selectable"
          >
            <input
              class="selectOne"
              id="0xbe7fcc7aa0186b05fd116c100e2d673fb951163693788640ce6032ad2f700dag"
              name="credential"
              type="radio"
            />
            <label
              class="expand"
              for="0xbe7fcc7aa0186b05fd116c100e2d673fb951163693788640ce6032ad2f700dag"
            >
              <section
                class="collapsedShareCredential"
              >
                <h4
                  class="collapsedName"
                >
                  Sporran email
                </h4>
                <p
                  class="collapsedValue"
                >
                  Social KYC
                </p>
              </section>
            </label>
          </li>
          <li
            aria-expanded="false"
            class="selectable"
          >
            <input
              class="selectOne"
              id="0xbe7fcc7aa0186b05fd116c100e2d673fb951163693788640ce6032ad2f700foo"
              name="credential"
              type="radio"
            />
            <label
              class="expand"
              for="0xbe7fcc7aa0186b05fd116c100e2d673fb951163693788640ce6032ad2f700foo"
            >
              <section
                class="collapsedShareCredential"
              >
                <h4
                  class="collapsedName"
                >
                  A really long name for my credential which probably will not fit on the screen
                </h4>
                <p
                  class="collapsedValue"
                >
                  Lorem Ipsum
                </p>
              </section>
            </label>
          </li>
          <li
            aria-expanded="false"
            class="selectable"
          >
            <input
              class="selectOne"
              id="0xbe7fcc7aa0186b05fd116c100e2d673fb951163693788640ce6032ad2f700bar"
              name="credential"
              type="radio"
            />
            <label
              class="expand"
              for="0xbe7fcc7aa0186b05fd116c100e2d673fb951163693788640ce6032ad2f700bar"
            >
              <section
                class="collapsedShareCredential"
              >
                <h4
                  class="collapsedName"
                >
                  Mein Credential
                </h4>
                <p
                  class="collapsedValue"
                >
                  Beamter #45065-2
                </p>
              </section>
            </label>
          </li>
          <li
            aria-expanded="false"
            class="selectable"
          >
            <input
              class="selectOne"
              id="0xbe7fcc7aa0186b05fd116c100e2d673fb951163693788640ce6032ad2f700dam"
              name="credential"
              type="radio"
            />
            <label
              class="expand"
              for="0xbe7fcc7aa0186b05fd116c100e2d673fb951163693788640ce6032ad2f700dam"
            >
              <section
                class="collapsedShareCredential"
              >
                <h4
                  class="collapsedName"
                >
                  Sporran email
                </h4>
                <p
                  class="collapsedValue"
                >
                  Social KYC
                </p>
              </section>
            </label>
          </li>
          <li
            aria-expanded="false"
            class="selectable"
          >
            <input
              class="selectOne"
              id="0xbe7fcc7aa0186b05fd116c100e2d673fb951163693788640ce6032ad2f700dan"
              name="credential"
              type="radio"
            />
            <label
              class="expand"
              for="0xbe7fcc7aa0186b05fd116c100e2d673fb951163693788640ce6032ad2f700dan"
            >
              <section
                class="collapsedShareCredential"
              >
                <h4
                  class="collapsedName"
                >
                  Email Credential
                </h4>
                <p
                  class="collapsedValue"
                >
                  Trusted Entity attester
                </p>
              </section>
            </label>
          </li>
          <li
            aria-expanded="false"
            class="selectable"
          >
            <input
              class="selectOne"
              id="0x86a20051e6d1eecb0dd6e9c7b3b0cf946867e662b525ef2e9afe8428f6616ae0"
              name="credential"
              type="radio"
            />
            <label
              class="expand"
              for="0x86a20051e6d1eecb0dd6e9c7b3b0cf946867e662b525ef2e9afe8428f6616ae0"
            >
              <section
                class="collapsedShareCredential"
              >
                <h4
                  class="collapsedName"
                >
                  Not downloaded Email Credential
                </h4>
                <p
                  class="collapsedValue"
                >
                  Trusted Entity attester
                </p>
              </section>
            </label>
          </li>
        </ul>
      </section>
      <section
        class="identityCredentials"
      >
        <section
          class="identityLine"
        >
          <section
            class="identity"
          >
            <div
              class="avatar"
            >
              Identicon
            </div>
            <p
              class="name"
            >
              Identity with on-chain DID and lots of coins
            </p>
          </section>
        </section>
        <ul
          class="list"
        >
          <li
            aria-expanded="false"
            class="selectable"
          >
            <input
              class="selectOne"
              id="0xbe7fcc7aa0186b05fd116c100e2d673fb951163693788640ce6032ad2f700dae"
              name="credential"
              type="radio"
            />
            <label
              class="expand"
              for="0xbe7fcc7aa0186b05fd116c100e2d673fb951163693788640ce6032ad2f700dae"
            >
              <section
                class="collapsedShareCredential"
              >
                <h4
                  class="collapsedName"
                >
                  Email Credential
                </h4>
                <p
                  class="collapsedValue"
                >
                  Trusted Entity attester
                </p>
              </section>
            </label>
          </li>
          <li
            aria-expanded="false"
            class="selectable"
          >
            <input
              class="selectOne notUsable"
              id="0xbe7fcc7aa0186b05fd116c100e2d673fb951163693788640ce6032ad2f700daf"
              name="credential"
              type="radio"
            />
            <label
              class="expand"
              for="0xbe7fcc7aa0186b05fd116c100e2d673fb951163693788640ce6032ad2f700daf"
            >
              <section
                class="collapsedShareCredential notUsable"
              >
                <h4
                  class="collapsedName"
                >
                  Alter Ego Email
                </h4>
                <p
                  class="collapsedValue"
                >
                  Anonymous
                </p>
              </section>
            </label>
          </li>
          <li
            aria-expanded="false"
            class="selectable"
          >
            <input
              class="selectOne"
              id="0xbe7fcc7aa0186b05fd116c100e2d673fb951163693788640ce6032ad2f700dag"
              name="credential"
              type="radio"
            />
            <label
              class="expand"
              for="0xbe7fcc7aa0186b05fd116c100e2d673fb951163693788640ce6032ad2f700dag"
            >
              <section
                class="collapsedShareCredential"
              >
                <h4
                  class="collapsedName"
                >
                  Sporran email
                </h4>
                <p
                  class="collapsedValue"
                >
                  Social KYC
                </p>
              </section>
            </label>
          </li>
          <li
            aria-expanded="false"
            class="selectable"
          >
            <input
              class="selectOne"
              id="0xbe7fcc7aa0186b05fd116c100e2d673fb951163693788640ce6032ad2f700foo"
              name="credential"
              type="radio"
            />
            <label
              class="expand"
              for="0xbe7fcc7aa0186b05fd116c100e2d673fb951163693788640ce6032ad2f700foo"
            >
              <section
                class="collapsedShareCredential"
              >
                <h4
                  class="collapsedName"
                >
                  A really long name for my credential which probably will not fit on the screen
                </h4>
                <p
                  class="collapsedValue"
                >
                  Lorem Ipsum
                </p>
              </section>
            </label>
          </li>
          <li
            aria-expanded="false"
            class="selectable"
          >
            <input
              class="selectOne"
              id="0xbe7fcc7aa0186b05fd116c100e2d673fb951163693788640ce6032ad2f700bar"
              name="credential"
              type="radio"
            />
            <label
              class="expand"
              for="0xbe7fcc7aa0186b05fd116c100e2d673fb951163693788640ce6032ad2f700bar"
            >
              <section
                class="collapsedShareCredential"
              >
                <h4
                  class="collapsedName"
                >
                  Mein Credential
                </h4>
                <p
                  class="collapsedValue"
                >
                  Beamter #45065-2
                </p>
              </section>
            </label>
          </li>
          <li
            aria-expanded="false"
            class="selectable"
          >
            <input
              class="selectOne"
              id="0xbe7fcc7aa0186b05fd116c100e2d673fb951163693788640ce6032ad2f700dam"
              name="credential"
              type="radio"
            />
            <label
              class="expand"
              for="0xbe7fcc7aa0186b05fd116c100e2d673fb951163693788640ce6032ad2f700dam"
            >
              <section
                class="collapsedShareCredential"
              >
                <h4
                  class="collapsedName"
                >
                  Sporran email
                </h4>
                <p
                  class="collapsedValue"
                >
                  Social KYC
                </p>
              </section>
            </label>
          </li>
          <li
            aria-expanded="false"
            class="selectable"
          >
            <input
              class="selectOne"
              id="0xbe7fcc7aa0186b05fd116c100e2d673fb951163693788640ce6032ad2f700dan"
              name="credential"
              type="radio"
            />
            <label
              class="expand"
              for="0xbe7fcc7aa0186b05fd116c100e2d673fb951163693788640ce6032ad2f700dan"
            >
              <section
                class="collapsedShareCredential"
              >
                <h4
                  class="collapsedName"
                >
                  Email Credential
                </h4>
                <p
                  class="collapsedValue"
                >
                  Trusted Entity attester
                </p>
              </section>
            </label>
          </li>
          <li
            aria-expanded="false"
            class="selectable"
          >
            <input
              class="selectOne"
              id="0x86a20051e6d1eecb0dd6e9c7b3b0cf946867e662b525ef2e9afe8428f6616ae0"
              name="credential"
              type="radio"
            />
            <label
              class="expand"
              for="0x86a20051e6d1eecb0dd6e9c7b3b0cf946867e662b525ef2e9afe8428f6616ae0"
            >
              <section
                class="collapsedShareCredential"
              >
                <h4
                  class="collapsedName"
                >
                  Not downloaded Email Credential
                </h4>
                <p
                  class="collapsedValue"
                >
                  Trusted Entity attester
                </p>
              </section>
            </label>
          </li>
        </ul>
      </section>
      <section
        class="identityCredentials"
      >
        <section
          class="identityLine"
        >
          <section
            class="identity"
          >
            <div
              class="avatar"
            >
              Identicon
            </div>
            <p
              class="name"
            >
              Identity which has a very very very very long name and might not even fit on the screen
            </p>
          </section>
        </section>
        <ul
          class="list"
        >
          <li
            aria-expanded="false"
            class="selectable"
          >
            <input
              class="selectOne"
              id="0xbe7fcc7aa0186b05fd116c100e2d673fb951163693788640ce6032ad2f700dae"
              name="credential"
              type="radio"
            />
            <label
              class="expand"
              for="0xbe7fcc7aa0186b05fd116c100e2d673fb951163693788640ce6032ad2f700dae"
            >
              <section
                class="collapsedShareCredential"
              >
                <h4
                  class="collapsedName"
                >
                  Email Credential
                </h4>
                <p
                  class="collapsedValue"
                >
                  Trusted Entity attester
                </p>
              </section>
            </label>
          </li>
          <li
            aria-expanded="false"
            class="selectable"
          >
            <input
              class="selectOne notUsable"
              id="0xbe7fcc7aa0186b05fd116c100e2d673fb951163693788640ce6032ad2f700daf"
              name="credential"
              type="radio"
            />
            <label
              class="expand"
              for="0xbe7fcc7aa0186b05fd116c100e2d673fb951163693788640ce6032ad2f700daf"
            >
              <section
                class="collapsedShareCredential notUsable"
              >
                <h4
                  class="collapsedName"
                >
                  Alter Ego Email
                </h4>
                <p
                  class="collapsedValue"
                >
                  Anonymous
                </p>
              </section>
            </label>
          </li>
          <li
            aria-expanded="false"
            class="selectable"
          >
            <input
              class="selectOne"
              id="0xbe7fcc7aa0186b05fd116c100e2d673fb951163693788640ce6032ad2f700dag"
              name="credential"
              type="radio"
            />
            <label
              class="expand"
              for="0xbe7fcc7aa0186b05fd116c100e2d673fb951163693788640ce6032ad2f700dag"
            >
              <section
                class="collapsedShareCredential"
              >
                <h4
                  class="collapsedName"
                >
                  Sporran email
                </h4>
                <p
                  class="collapsedValue"
                >
                  Social KYC
                </p>
              </section>
            </label>
          </li>
          <li
            aria-expanded="false"
            class="selectable"
          >
            <input
              class="selectOne"
              id="0xbe7fcc7aa0186b05fd116c100e2d673fb951163693788640ce6032ad2f700foo"
              name="credential"
              type="radio"
            />
            <label
              class="expand"
              for="0xbe7fcc7aa0186b05fd116c100e2d673fb951163693788640ce6032ad2f700foo"
            >
              <section
                class="collapsedShareCredential"
              >
                <h4
                  class="collapsedName"
                >
                  A really long name for my credential which probably will not fit on the screen
                </h4>
                <p
                  class="collapsedValue"
                >
                  Lorem Ipsum
                </p>
              </section>
            </label>
          </li>
          <li
            aria-expanded="false"
            class="selectable"
          >
            <input
              class="selectOne"
              id="0xbe7fcc7aa0186b05fd116c100e2d673fb951163693788640ce6032ad2f700bar"
              name="credential"
              type="radio"
            />
            <label
              class="expand"
              for="0xbe7fcc7aa0186b05fd116c100e2d673fb951163693788640ce6032ad2f700bar"
            >
              <section
                class="collapsedShareCredential"
              >
                <h4
                  class="collapsedName"
                >
                  Mein Credential
                </h4>
                <p
                  class="collapsedValue"
                >
                  Beamter #45065-2
                </p>
              </section>
            </label>
          </li>
          <li
            aria-expanded="false"
            class="selectable"
          >
            <input
              class="selectOne"
              id="0xbe7fcc7aa0186b05fd116c100e2d673fb951163693788640ce6032ad2f700dam"
              name="credential"
              type="radio"
            />
            <label
              class="expand"
              for="0xbe7fcc7aa0186b05fd116c100e2d673fb951163693788640ce6032ad2f700dam"
            >
              <section
                class="collapsedShareCredential"
              >
                <h4
                  class="collapsedName"
                >
                  Sporran email
                </h4>
                <p
                  class="collapsedValue"
                >
                  Social KYC
                </p>
              </section>
            </label>
          </li>
          <li
            aria-expanded="false"
            class="selectable"
          >
            <input
              class="selectOne"
              id="0xbe7fcc7aa0186b05fd116c100e2d673fb951163693788640ce6032ad2f700dan"
              name="credential"
              type="radio"
            />
            <label
              class="expand"
              for="0xbe7fcc7aa0186b05fd116c100e2d673fb951163693788640ce6032ad2f700dan"
            >
              <section
                class="collapsedShareCredential"
              >
                <h4
                  class="collapsedName"
                >
                  Email Credential
                </h4>
                <p
                  class="collapsedValue"
                >
                  Trusted Entity attester
                </p>
              </section>
            </label>
          </li>
          <li
            aria-expanded="false"
            class="selectable"
          >
            <input
              class="selectOne"
              id="0x86a20051e6d1eecb0dd6e9c7b3b0cf946867e662b525ef2e9afe8428f6616ae0"
              name="credential"
              type="radio"
            />
            <label
              class="expand"
              for="0x86a20051e6d1eecb0dd6e9c7b3b0cf946867e662b525ef2e9afe8428f6616ae0"
            >
              <section
                class="collapsedShareCredential"
              >
                <h4
                  class="collapsedName"
                >
                  Not downloaded Email Credential
                </h4>
                <p
                  class="collapsedValue"
                >
                  Trusted Entity attester
                </p>
              </section>
            </label>
          </li>
        </ul>
      </section>
    </section>
    <p
      class="buttonsLine"
    >
      <button
        class="cancel"
        type="button"
      >
        Cancel
      </button>
      <button
        class="next"
        disabled=""
        type="submit"
      >
        Next
      </button>
    </p>
  </form>
</div>
`;

exports[`ShareCredentialSelect should render interface for no matching credentials 1`] = `
<div>
  <form
    class="container"
  >
    <h1
      class="heading"
    >
      Select a Credential
    </h1>
    <p
      class="subline"
    >
      Select a credential to sign and share
    </p>
    <section
      class="noCredentials"
    >
      <p
        class="info"
      >
        No credentials available
      </p>
      <a
        class="explainerLink"
        href="https://socialkyc.io/"
        rel="noreferrer"
        target="_blank"
      >
        Get Credentials
      </a>
    </section>
    <p
      class="buttonsLine"
    >
      <button
        class="cancel"
        type="button"
      >
        Cancel
      </button>
      <button
        class="next"
        disabled=""
        type="submit"
      >
        Next
      </button>
    </p>
  </form>
</div>
`;
