// Jest Snapshot v1, https://goo.gl/fbAQLP

exports[`ShareCredential should render 1`] = `
<div>
  <form
    class="container"
  >
    <h1
      class="heading"
    >
      Your Credentials
    </h1>
    <p
      class="subline"
    >
      Pick credentials to sign and share
    </p>
    <section>
      <div
        class="MacFarlane tartan"
      >
        Identicon
      </div>
      <div
        class="nameLine"
      >
        <span
          class="name"
        >
          My Sporran Account
        </span>
        <div
          class="wrapper"
        >
          <button
            aria-expanded="false"
            aria-haspopup="true"
            aria-label="Account options"
            class="toggle"
            role="button"
            tabindex="0"
            title="Account options"
            type="button"
          />
        </div>
      </div>
    </section>
    <table
      class="credentials"
    >
      <thead>
        <tr
          class="tr"
        >
          <th
            class="th"
          >
            <label>
              <input
                class="checkbox"
                name="all"
                type="checkbox"
              />
              <span />
              all
            </label>
          </th>
          <th
            class="th"
          >
            Name
          </th>
          <th
            class="th"
          >
            C-Type
          </th>
          <th
            class="th"
          >
            Attester
          </th>
          <th
            class="th"
          >
            Valid
          </th>
        </tr>
      </thead>
      <tbody>
        <tr
          class="tr"
        >
          <td
            class="td"
          >
            <label>
              <input
                aria-label="Share credential"
                checked=""
                class="checkbox"
                name="0"
                type="checkbox"
              />
              <span />
            </label>
          </td>
          <td
            class="td"
          >
            email private
          </td>
          <td
            class="td"
          >
            BL-Mail-Simple
          </td>
          <td
            class="td"
          >
            socialKYC
          </td>
          <td
            aria-label="Valid"
            class="valid"
          />
        </tr>
        <tr
          class="tr"
        >
          <td
            class="td"
          >
            <label>
              <input
                aria-label="Share credential"
                class="checkbox"
                name="1"
                type="checkbox"
              />
              <span />
            </label>
          </td>
          <td
            class="td"
          >
            twitter
          </td>
          <td
            class="td"
          >
            BL-Mail-Advanced
          </td>
          <td
            class="td"
          >
            socialKYC
          </td>
          <td
            aria-label="Valid"
            class="valid"
          />
        </tr>
      </tbody>
    </table>
    <label
      class="label"
    >
      Sign with Password:
      <span
        class="passwordLine"
      >
        <input
          class="password"
          name="password"
          required=""
          type="password"
        />
        <button
          aria-label="Show"
          class="show"
          title="Show"
          type="button"
        />
      </span>
    </label>
    <p
      class="buttonsLine"
    >
      <button
        class="cancel"
        type="button"
      >
        Cancel
      </button>
      <button
        class="submit"
        disabled=""
        type="submit"
      >
        Share
      </button>
    </p>
  </form>
</div>
`;
