// Jest Snapshot v1, https://goo.gl/fbAQLP

exports[`Popup should render 1`] = `
<div>
  <div
    class="container"
  >
    <div
      class="container mx-4 my-4"
    >
      <div
        class="row"
      >
        <div
          class="col-lg-12 text-center"
        >
          <p
            class="text"
          >
            Example Extension «
            Sporran
            »
          </p>
        </div>
      </div>
      <hr />
      <div
        class="row"
      >
        <div
          class="col-lg-12"
        >
          <button
            class="btn btn-block btn-outline-dark"
          >
            Scroll To Top
          </button>
          <button
            class="btn btn-block btn-outline-dark"
          >
            Scroll To Bottom
          </button>
        </div>
      </div>
      <p>
        mnemonic
      </p>
      <p />
      <form>
        <label>
          Enter password:
          <input
            required=""
            type="password"
          />
        </label>
        <button
          disabled=""
          type="submit"
        >
          Create Account
        </button>
      </form>
    </div>
  </div>
</div>
`;
