// Jest Snapshot v1, https://goo.gl/fbAQLP

exports[`DidDowngradeWarningCredentials should render 1`] = `
<div>
  <section
    class="container"
  >
    <h1
      class="heading"
    >
      Remove DID
    </h1>
    <p
      class="subline"
    >
      Remove DID from the KILT blockchain
    </p>
    <div
      class="avatar fullDid"
    >
      Identicon
    </div>
    <p
      class="warning"
    >
      Attention! This will render the following credentials unusable:
    </p>
    <ul
      class="credentials"
    >
      <li
        aria-expanded="false"
        class="credential"
      >
        <button
          class="expand"
          type="button"
        >
          <section
            class="collapsedCredential"
          >
            <h4
              class="collapsedName"
            >
              Email Credential
            </h4>
            <p
              class="collapsedValue"
            >
              mockEmail@mock.mock
            </p>
          </section>
        </button>
        <div />
      </li>
      <li
        aria-expanded="false"
        class="credential"
      >
        <button
          class="expand"
          type="button"
        >
          <section
            class="collapsedCredential"
          >
            <h4
              class="collapsedName"
            >
              Alter Ego Email
            </h4>
            <p
              class="collapsedValue"
            >
              badboy69@hotmail.com
            </p>
          </section>
        </button>
        <div />
      </li>
      <li
        aria-expanded="false"
        class="credential"
      >
        <button
          class="expand"
          type="button"
        >
          <section
            class="collapsedCredential"
          >
            <h4
              class="collapsedName"
            >
              A really long name for my credential which probably will not fit on the screen
            </h4>
            <p
              class="collapsedValue"
            >
              loremipsum@gmail.com
            </p>
          </section>
        </button>
        <div />
      </li>
      <li
        aria-expanded="false"
        class="credential"
      >
        <button
          class="expand"
          type="button"
        >
          <section
            class="collapsedCredential"
          >
            <h4
              class="collapsedName"
            >
              Mein Credential
            </h4>
            <p
              class="collapsedValue"
            >
              maxmustermann@gmx-123-z34-dfdsafsdf-42r421-2sdfag.de
            </p>
          </section>
        </button>
        <div />
      </li>
      <li
        aria-expanded="false"
        class="credential"
      >
        <button
          class="expand"
          type="button"
        >
          <section
            class="collapsedCredential"
          >
            <h4
              class="collapsedName"
            >
              Tweet Twit Twat
            </h4>
            <p
              class="collapsedValue"
            >
              tweety_bird
            </p>
          </section>
        </button>
        <div />
      </li>
      <li
        aria-expanded="false"
        class="credential"
      >
        <button
          class="expand"
          type="button"
        >
          <section
            class="collapsedCredential"
          >
            <h4
              class="collapsedName"
            >
              Dotsama Credential
            </h4>
            <p
              class="collapsedValue"
            >
              God collator
            </p>
          </section>
        </button>
        <div />
      </li>
      <li
        aria-expanded="false"
        class="credential"
      >
        <button
          class="expand"
          type="button"
        >
          <section
            class="collapsedCredential"
          >
            <h4
              class="collapsedName"
            >
              All your stakes are belong to us
            </h4>
            <p
              class="collapsedValue"
            >
              This is a really long name for the first property of claim contents to check how the overflow looks
            </p>
          </section>
        </button>
        <div />
      </li>
      <li
        aria-expanded="false"
        class="credential"
      >
        <button
          class="expand"
          type="button"
        >
          <section
            class="collapsedCredential"
          >
            <h4
              class="collapsedName"
            >
              Lots of props
            </h4>
            <p
              class="collapsedValue"
            >
              Proppy
            </p>
          </section>
        </button>
        <div />
      </li>
      <li
        aria-expanded="false"
        class="credential"
      >
        <button
          class="expand"
          type="button"
        >
          <section
            class="collapsedCredential"
          >
            <h4
              class="collapsedName"
            >
              Email Credential
            </h4>
            <p
              class="collapsedValue"
            >
              mockEmail@mock.mock
            </p>
          </section>
        </button>
        <div />
      </li>
      <li
        aria-expanded="false"
        class="credential"
      >
        <button
          class="expand"
          type="button"
        >
          <section
            class="collapsedCredential"
          >
            <h4
              class="collapsedName"
            >
              GitHub 1
            </h4>
            <p
              class="collapsedValue"
            >
              28846466
            </p>
          </section>
        </button>
        <div />
      </li>
      <li
        aria-expanded="false"
        class="credential"
      >
        <button
          aria-label="Not downloaded Email Credential mockEmail@mock.mock (Not backed up)"
          class="downloadPrompt"
          type="button"
        >
          <section
            class="collapsedCredential"
          >
            <h4
              class="collapsedName"
            >
              Not downloaded Email Credential
            </h4>
            <p
              class="collapsedValue"
            >
              mockEmail@mock.mock
            </p>
          </section>
        </button>
        <div />
      </li>
    </ul>
    <p
      class="buttonsLine"
    >
      <a
        class="cancel"
        href="/identity/4pNXuxPWhMxhRctgB4qd3MkRt2Sxp7Y7sxrApVCVXCEcdQMo/did"
      >
        Cancel
      </a>
      <a
        class="cta"
        href="/identity/4pNXuxPWhMxhRctgB4qd3MkRt2Sxp7Y7sxrApVCVXCEcdQMo/did/downgrade/sign"
      >
        Continue
      </a>
    </p>
    <button
      aria-label="Back"
      class="linkBack"
      title="Back"
      type="button"
    />
    <p
      class="stats"
    >
      You have 3 Identities with a
      <span
        class="balance"
      >
         Total Balance: 
        <span
          class="amount"
        >
          3.7020
           
          <span
            aria-label="KILT Coin"
            class="coin"
          />
        </span>
      </span>
    </p>
  </section>
</div>
`;
