// Jest Snapshot v1, https://goo.gl/fbAQLP

exports[`AddIdentity should render 1`] = `
<div>
  <div
    class="wrapper"
  >
    <button
      aria-expanded="true"
      aria-haspopup="true"
      aria-label="Add"
      class="toggle"
      role="button"
      tabindex="0"
      title="Add"
      type="button"
    />
    <div
      class="dropdown"
      role="menu"
    >
      <h4
        class="heading"
      >
        Add
      </h4>
      <ul
        class="list"
      >
        <li
          class="listItem"
        >
          <a
            href="/identity/add"
            role="menuitem"
            tabindex="-1"
          >
            Add Identity
          </a>
        </li>
        <li
          class="listItem"
        >
          <a
            href="/popup/import"
            role="menuitem"
            tabindex="-1"
          >
            Import credentials
          </a>
        </li>
      </ul>
    </div>
  </div>
</div>
`;
