// Jest Snapshot v1, https://goo.gl/fbAQLP

exports[`ReceiveToken should render a normal account 1`] = `
<div>
  <section
    class="container"
  >
    <h1>
      Receive
    </h1>
    <p>
      Copy and send your wallet ID
    </p>
    <a
      aria-label="Create new account"
      href="/account/NEW/receive"
      title="Create new account"
    >
      ←
    </a>
    <section>
      <h2>
        My Sporran Account
      </h2>
      <button
        type="button"
      >
        Rename
      </button>
    </section>
    <a
      aria-label="My Second Account"
      href="/account/4sm9oDiYFe22D7Ck2aBy5Y2gzxi2HhmGML98W9ZD2qmsqKCr/receive"
      title="My Second Account"
    >
      →
    </a>
    <p>
      My account address
    </p>
    <div
      class="accountBox"
    >
      <input
        class="addressBox"
        readonly=""
        value="4tJbxxKqYRv3gDvY66BKyKzZheHEH8a27VBiMfeGX2iQrire"
      />
      <p>
        ⊛
      </p>
    </div>
    <button
      type="button"
    >
      copy to clipboard
    </button>
    <p>
      [Insert QR Image] 
    </p>
    <p>
      <a
        href="/account/4tJbxxKqYRv3gDvY66BKyKzZheHEH8a27VBiMfeGX2iQrire"
      >
        DONE
      </a>
    </p>
    <p>
      <a
        href="/account/4tJbxxKqYRv3gDvY66BKyKzZheHEH8a27VBiMfeGX2iQrire"
      >
        Back
      </a>
    </p>
    <p>
      You have $number$ accounts with a total
       Balance: 
      3.7020
       
      K
    </p>
  </section>
  ,
</div>
`;

exports[`ReceiveToken should render the new account 1`] = `
<div>
  <main>
    <header>
      <h1>
        Your accounts
      </h1>
      <p>
        You have $number$ accounts
      </p>
    </header>
    <a
      aria-label="My Third Account"
      href="/account/4oyRTDhHL22Chv9T89Vv2TanfUxFzBnPeMuq4EFL3gUiHbtL/receive"
      title="My Third Account"
    >
      ←
    </a>
    <section>
      <a
        href="/account/create"
      >
        <h2>
          Create new account
        </h2>
      </a>
      <p>
        or
      </p>
      <a
        href="/account/import"
      >
        Import an account from pre-existing phrase
      </a>
    </section>
    <a
      aria-label="My Sporran Account"
      href="/account/4tJbxxKqYRv3gDvY66BKyKzZheHEH8a27VBiMfeGX2iQrire/receive"
      title="My Sporran Account"
    >
      →
    </a>
    <p>
      You have $number$ accounts with a total
       Balance: 
      3.7020
       
      K
    </p>
  </main>
  ,
</div>
`;
