// Jest Snapshot v1, https://goo.gl/fbAQLP

exports[`ImportBackupPhrase should render 1`] = `
<div>
  <section
    class="container"
  >
    <div>
      <h3>
        [Insert logo here]
      </h3>
    </div>
    <h1>
      Import an Account
    </h1>
    <p>
      To import a Sporran account, you will need a pre-existing backup phrase consisting of 12-words
    </p>
    <form>
      <ul
        class="items"
      >
        <li
          class="neutral"
        >
          <label
            class="item"
          >
            1
            <input
              class="input"
              name="0"
              type="text"
            />
          </label>
        </li>
        <li
          class="neutral"
        >
          <label
            class="item"
          >
            2
            <input
              class="input"
              name="1"
              type="text"
            />
          </label>
        </li>
        <li
          class="neutral"
        >
          <label
            class="item"
          >
            3
            <input
              class="input"
              name="2"
              type="text"
            />
          </label>
        </li>
        <li
          class="neutral"
        >
          <label
            class="item"
          >
            4
            <input
              class="input"
              name="3"
              type="text"
            />
          </label>
        </li>
        <li
          class="neutral"
        >
          <label
            class="item"
          >
            5
            <input
              class="input"
              name="4"
              type="text"
            />
          </label>
        </li>
        <li
          class="neutral"
        >
          <label
            class="item"
          >
            6
            <input
              class="input"
              name="5"
              type="text"
            />
          </label>
        </li>
        <li
          class="neutral"
        >
          <label
            class="item"
          >
            7
            <input
              class="input"
              name="6"
              type="text"
            />
          </label>
        </li>
        <li
          class="neutral"
        >
          <label
            class="item"
          >
            8
            <input
              class="input"
              name="7"
              type="text"
            />
          </label>
        </li>
        <li
          class="neutral"
        >
          <label
            class="item"
          >
            9
            <input
              class="input"
              name="8"
              type="text"
            />
          </label>
        </li>
        <li
          class="neutral"
        >
          <label
            class="item"
          >
            10
            <input
              class="input"
              name="9"
              type="text"
            />
          </label>
        </li>
        <li
          class="neutral"
        >
          <label
            class="item"
          >
            11
            <input
              class="input"
              name="10"
              type="text"
            />
          </label>
        </li>
        <li
          class="neutral"
        >
          <label
            class="item"
          >
            12
            <input
              class="input"
              name="11"
              type="text"
            />
          </label>
        </li>
      </ul>
      <div
        class="buttonContainer"
      >
        <button
          type="submit"
        >
          Import Account
        </button>
      </div>
    </form>
    <p>
      <a
        href="/"
      >
        Back
      </a>
    </p>
    <p>
      <a
        href="/"
      >
        Cancel
      </a>
    </p>
  </section>
</div>
`;
