// Jest Snapshot v1, https://goo.gl/fbAQLP

exports[`Stats should render for at least two accounts 1`] = `
<div>
  <p
    class="stats"
  >
    You have $number$ accounts with a total
    <span
      class="balance"
    >
       Balance: 
      <span
        class="amount"
      >
        3.7020
         
        <span
          aria-label="Kilt coin"
          class="coin"
        />
      </span>
    </span>
  </p>
</div>
`;
