// Jest Snapshot v1, https://goo.gl/fbAQLP

exports[`App should render 1`] = `
<div>
  <nav
    class="menus"
  >
    <div
      class="wrapper"
    >
      <button
        aria-expanded="false"
        aria-haspopup="true"
        aria-label="Settings"
        class="toggle"
        role="button"
        tabindex="0"
        title="Settings"
        type="button"
      />
    </div>
  </nav>
  <div
    class="container"
  >
    <h1
      class="heading"
    >
      Welcome
    </h1>
    <h3
      class="info"
    >
      You currently don’t have any Identities.
Add your first Identity to get started.
    </h3>
    <a
      class="create"
      href="/identity/create"
    >
      Create Identity
    </a>
    <a
      class="importPhrase"
      href="/identity/import"
    >
      Import an Identity from pre-existing phrase
    </a>
  </div>
</div>
`;
