// Jest Snapshot v1, https://goo.gl/fbAQLP

exports[`ExistentialWarning should render with link to sign transfer screen 1`] = `
<div>
  <div
    class="container"
  >
    <h1
      class="headline"
    >
      Attention
    </h1>
    <p
      class="subline"
    >
      Your Identity’s remaining balance will be set to zero
    </p>
    <p
      class="warning"
    >
      This transaction would leave your balance below the existential deposit. Therefore the balance of your Identity will be set to zero. The rest of your transferable balance will be added as a tip. Confirm to proceed with this transaction anyway.
    </p>
    <p
      class="buttonsLine"
    >
      <a
        class="confirm"
        href="/identity/4tDjyLy2gESkLzvaLnpbn7N61VgnwAhqnTHsPPFAwaZjGwP1/send/review"
      >
        Confirm
      </a>
      <button
        class="cancel"
      >
        Cancel
      </button>
    </p>
    <button
      aria-label="Back"
      class="linkBack"
      title="Back"
      type="button"
    />
  </div>
</div>
`;
