// Jest Snapshot v1, https://goo.gl/fbAQLP

exports[`CredentialCard should render 1`] = `
<div>
  <li
    aria-expanded="false"
    class="credential"
  >
    <button
      class="expand"
      type="button"
    >
      <section
        class="collapsedCredential"
      >
        <h4
          class="collapsedName"
        >
          Email Credential
        </h4>
        <p
          class="collapsedFirstProp"
        >
          mockEmail@mock.mock
        </p>
      </section>
    </button>
  </li>
</div>
`;
