// Jest Snapshot v1, https://goo.gl/fbAQLP

exports[`SaveCredential should render 1`] = `
<div>
  <main
    class="container"
  >
    <h1
      class="heading"
    >
      Sporran
    </h1>
    <p
      class="subline"
    >
      Your attested credential was saved:
    </p>
    <dl
      class="details"
    >
      <dt
        class="detailName"
      >
        Full Name
        :
      </dt>
      <dd
        class="detailValue"
      >
        Ingo Rübe
      </dd>
      <dt
        class="detailName"
      >
        Email
        :
      </dt>
      <dd
        class="detailValue"
      >
        ingo@kilt.io
      </dd>
      <dt
        class="detailName"
      >
        Credential type
        :
      </dt>
      <dd
        class="detailValue"
      >
        BL-Mail-Simple
      </dd>
      <dt
        class="detailName"
      >
        Attester
        :
      </dt>
      <dd
        class="detailValue"
      >
        socialKYC
      </dd>
    </dl>
    <h2
      class="warning"
    >
      Please backup your
credential now!
    </h2>
    <p
      class="buttonsLine"
    >
      <button
        class="cancel"
        type="button"
      >
        Cancel
      </button>
      <a
        class="submit"
        download="BL-Mail-Simple-ingo@kilt.io.json"
        href="data:text/json;base64,eyJlbWFpbCI6ImluZ29Aa2lsdC5pbyJ9"
      >
        Backup Credential
      </a>
    </p>
  </main>
</div>
`;
