// Jest Snapshot v1, https://goo.gl/fbAQLP

exports[`CreatePresentation should match the snapshot 1`] = `
<div>
  <section
    class="container"
  >
    <h1
      class="heading"
    >
      Customize Credential
    </h1>
    <p
      class="subline"
    >
      Select the information to disclose
    </p>
    <div
      class="credentialContainer"
    >
      <form
        class="credential"
      >
        <section
          class="expanded"
        >
          <section>
            <dl
              class="details"
            >
              <div
                class="detail"
              >
                <dt
                  class="detailName"
                >
                  Credential name
                </dt>
                <dd
                  class="detailValue"
                >
                  Email Credential
                </dd>
              </div>
              <div
                class="detail"
              >
                <dt
                  class="detailName"
                >
                  Status
                </dt>
                <dd
                  class="detailValue"
                >
                  Attested
                </dd>
              </div>
              <div
                class="detail"
              >
                <dt
                  class="detailName"
                >
                  Email
                </dt>
                <dd
                  class="detailValue"
                >
                  <label
                    class="shareLabel"
                  >
                    <input
                      checked=""
                      class="share"
                      name="Email"
                      type="checkbox"
                    />
                    <span />
                    mockEmail@mock.mock
                  </label>
                </dd>
              </div>
            </dl>
          </section>
          <h4
            class="technical"
          >
            Technical details
          </h4>
          <dl
            class="details"
          >
            <div
              class="detail"
            >
              <dt
                class="detailName"
              >
                CType
              </dt>
              <dd
                class="detailValue"
              >
                Email
              </dd>
            </div>
            <div
              class="detail"
            >
              <dt
                class="detailName"
              >
                Attester
              </dt>
              <dd
                class="detailValue"
              >
                Trusted Entity attester
              </dd>
            </div>
            <div
              class="hash"
            >
              <dt
                class="detailName"
              >
                Credential hash
              </dt>
              <dd
                class="detailValue"
              >
                0xbe7fcc7aa0186b05fd116c100e2d673fb951163693788640ce6032ad2f700dae
              </dd>
            </div>
          </dl>
        </section>
      </form>
    </div>
    <p
      class="buttonsLine"
    >
      <button
        class="cancel"
      >
        Cancel
      </button>
      <a
        class="download"
        download="name"
        href="data:"
      >
        Download
      </a>
    </p>
    <button
      aria-label="Back"
      class="linkBack"
      title="Back"
      type="button"
    />
    <p
      class="stats"
    >
      You have 3 Identities with a
      <span
        class="balance"
      >
         Total Balance: 
        <span
          class="amount"
        >
          3.7020
           
          <span
            aria-label="KILT Coin"
            class="coin"
          />
        </span>
      </span>
    </p>
  </section>
</div>
`;
